Archive member included to satisfy reference by file (symbol)

c:/st/stm32cubeide_1.10.1/stm32cubeide/plugins/com.st.stm32cube.ide.mcu.externaltools.gnu-tools-for-stm32.10.3-2021.10.win32_1.0.0.202111181127/tools/bin/../lib/gcc/arm-none-eabi/10.3.1/../../../../arm-none-eabi/lib/thumb/v7e-m+fp/hard\libc_nano.a(lib_a-errno.o)
                              ./Core/Src/syscalls.o (__errno)
c:/st/stm32cubeide_1.10.1/stm32cubeide/plugins/com.st.stm32cube.ide.mcu.externaltools.gnu-tools-for-stm32.10.3-2021.10.win32_1.0.0.202111181127/tools/bin/../lib/gcc/arm-none-eabi/10.3.1/../../../../arm-none-eabi/lib/thumb/v7e-m+fp/hard\libc_nano.a(lib_a-exit.o)
                              c:/st/stm32cubeide_1.10.1/stm32cubeide/plugins/com.st.stm32cube.ide.mcu.externaltools.gnu-tools-for-stm32.10.3-2021.10.win32_1.0.0.202111181127/tools/bin/../lib/gcc/arm-none-eabi/10.3.1/../../../../arm-none-eabi/lib/thumb/v7e-m+fp/hard/crt0.o (exit)
c:/st/stm32cubeide_1.10.1/stm32cubeide/plugins/com.st.stm32cube.ide.mcu.externaltools.gnu-tools-for-stm32.10.3-2021.10.win32_1.0.0.202111181127/tools/bin/../lib/gcc/arm-none-eabi/10.3.1/../../../../arm-none-eabi/lib/thumb/v7e-m+fp/hard\libc_nano.a(lib_a-impure.o)
                              c:/st/stm32cubeide_1.10.1/stm32cubeide/plugins/com.st.stm32cube.ide.mcu.externaltools.gnu-tools-for-stm32.10.3-2021.10.win32_1.0.0.202111181127/tools/bin/../lib/gcc/arm-none-eabi/10.3.1/../../../../arm-none-eabi/lib/thumb/v7e-m+fp/hard\libc_nano.a(lib_a-exit.o) (_global_impure_ptr)
c:/st/stm32cubeide_1.10.1/stm32cubeide/plugins/com.st.stm32cube.ide.mcu.externaltools.gnu-tools-for-stm32.10.3-2021.10.win32_1.0.0.202111181127/tools/bin/../lib/gcc/arm-none-eabi/10.3.1/../../../../arm-none-eabi/lib/thumb/v7e-m+fp/hard\libc_nano.a(lib_a-init.o)
                              c:/st/stm32cubeide_1.10.1/stm32cubeide/plugins/com.st.stm32cube.ide.mcu.externaltools.gnu-tools-for-stm32.10.3-2021.10.win32_1.0.0.202111181127/tools/bin/../lib/gcc/arm-none-eabi/10.3.1/../../../../arm-none-eabi/lib/thumb/v7e-m+fp/hard/crt0.o (__libc_init_array)
c:/st/stm32cubeide_1.10.1/stm32cubeide/plugins/com.st.stm32cube.ide.mcu.externaltools.gnu-tools-for-stm32.10.3-2021.10.win32_1.0.0.202111181127/tools/bin/../lib/gcc/arm-none-eabi/10.3.1/../../../../arm-none-eabi/lib/thumb/v7e-m+fp/hard\libc_nano.a(lib_a-memset.o)
                              c:/st/stm32cubeide_1.10.1/stm32cubeide/plugins/com.st.stm32cube.ide.mcu.externaltools.gnu-tools-for-stm32.10.3-2021.10.win32_1.0.0.202111181127/tools/bin/../lib/gcc/arm-none-eabi/10.3.1/../../../../arm-none-eabi/lib/thumb/v7e-m+fp/hard/crt0.o (memset)
c:/st/stm32cubeide_1.10.1/stm32cubeide/plugins/com.st.stm32cube.ide.mcu.externaltools.gnu-tools-for-stm32.10.3-2021.10.win32_1.0.0.202111181127/tools/bin/../lib/gcc/arm-none-eabi/10.3.1/../../../../arm-none-eabi/lib/thumb/v7e-m+fp/hard\libc_nano.a(lib_a-strlen.o)
                              ./Core/Src/main.o (strlen)
c:/st/stm32cubeide_1.10.1/stm32cubeide/plugins/com.st.stm32cube.ide.mcu.externaltools.gnu-tools-for-stm32.10.3-2021.10.win32_1.0.0.202111181127/tools/bin/../lib/gcc/arm-none-eabi/10.3.1/thumb/v7e-m+fp/hard\libgcc.a(_aeabi_ldivmod.o)
                              ./Drivers/STM32G4xx_HAL_Driver/Src/stm32g4xx_hal_uart.o (__aeabi_ldivmod)
c:/st/stm32cubeide_1.10.1/stm32cubeide/plugins/com.st.stm32cube.ide.mcu.externaltools.gnu-tools-for-stm32.10.3-2021.10.win32_1.0.0.202111181127/tools/bin/../lib/gcc/arm-none-eabi/10.3.1/thumb/v7e-m+fp/hard\libgcc.a(_aeabi_uldivmod.o)
                              ./Drivers/STM32G4xx_HAL_Driver/Src/stm32g4xx_hal_uart.o (__aeabi_uldivmod)
c:/st/stm32cubeide_1.10.1/stm32cubeide/plugins/com.st.stm32cube.ide.mcu.externaltools.gnu-tools-for-stm32.10.3-2021.10.win32_1.0.0.202111181127/tools/bin/../lib/gcc/arm-none-eabi/10.3.1/thumb/v7e-m+fp/hard\libgcc.a(_udivmoddi4.o)
                              c:/st/stm32cubeide_1.10.1/stm32cubeide/plugins/com.st.stm32cube.ide.mcu.externaltools.gnu-tools-for-stm32.10.3-2021.10.win32_1.0.0.202111181127/tools/bin/../lib/gcc/arm-none-eabi/10.3.1/thumb/v7e-m+fp/hard\libgcc.a(_aeabi_ldivmod.o) (__udivmoddi4)
c:/st/stm32cubeide_1.10.1/stm32cubeide/plugins/com.st.stm32cube.ide.mcu.externaltools.gnu-tools-for-stm32.10.3-2021.10.win32_1.0.0.202111181127/tools/bin/../lib/gcc/arm-none-eabi/10.3.1/thumb/v7e-m+fp/hard\libgcc.a(_dvmd_tls.o)
                              c:/st/stm32cubeide_1.10.1/stm32cubeide/plugins/com.st.stm32cube.ide.mcu.externaltools.gnu-tools-for-stm32.10.3-2021.10.win32_1.0.0.202111181127/tools/bin/../lib/gcc/arm-none-eabi/10.3.1/thumb/v7e-m+fp/hard\libgcc.a(_aeabi_ldivmod.o) (__aeabi_ldiv0)

Discarded input sections

 .text          0x0000000000000000        0x0 c:/st/stm32cubeide_1.10.1/stm32cubeide/plugins/com.st.stm32cube.ide.mcu.externaltools.gnu-tools-for-stm32.10.3-2021.10.win32_1.0.0.202111181127/tools/bin/../lib/gcc/arm-none-eabi/10.3.1/thumb/v7e-m+fp/hard/crti.o
[...]
Memory Configuration

Name             Origin             Length             Attributes
RAM              0x0000000020000000 0x0000000000008000 xrw
FLASH            0x0000000008000000 0x0000000000020000 xr
*default*        0x0000000000000000 0xffffffffffffffff

Linker script and memory map

LOAD c:/st/stm32cubeide_1.10.1/stm32cubeide/plugins/com.st.stm32cube.ide.mcu.externaltools.gnu-tools-for-stm32.10.3-2021.10.win32_1.0.0.202111181127/tools/bin/../lib/gcc/arm-none-eabi/10.3.1/thumb/v7e-m+fp/hard/crti.o
LOAD c:/st/stm32cubeide_1.10.1/stm32cubeide/plugins/com.st.stm32cube.ide.mcu.externaltools.gnu-tools-for-stm32.10.3-2021.10.win32_1.0.0.202111181127/tools/bin/../lib/gcc/arm-none-eabi/10.3.1/thumb/v7e-m+fp/hard/crtbegin.o
LOAD c:/st/stm32cubeide_1.10.1/stm32cubeide/plugins/com.st.stm32cube.ide.mcu.externaltools.gnu-tools-for-stm32.10.3-2021.10.win32_1.0.0.202111181127/tools/bin/../lib/gcc/arm-none-eabi/10.3.1/../../../../arm-none-eabi/lib/thumb/v7e-m+fp/hard/crt0.o
LOAD ./Core/Src/Protocentral_ADS1220.o
LOAD ./Core/Src/adc.o
LOAD ./Core/Src/alt_main.o
LOAD ./Core/Src/dwt_delay.o
LOAD ./Core/Src/fdcan.o
LOAD ./Core/Src/gpio.o
LOAD ./Core/Src/main.o
LOAD ./Core/Src/spi.o
LOAD ./Core/Src/stm32g4xx_hal_msp.o
LOAD ./Core/Src/stm32g4xx_it.o
LOAD ./Core/Src/syscalls.o
LOAD ./Core/Src/sysmem.o
LOAD ./Core/Src/system_stm32g4xx.o
LOAD ./Core/Src/tim.o
LOAD ./Core/Src/usart.o
LOAD ./Core/Startup/startup_stm32g431kbux.o
LOAD ./Drivers/STM32G4xx_HAL_Driver/Src/stm32g4xx_hal.o
LOAD ./Drivers/STM32G4xx_HAL_Driver/Src/stm32g4xx_hal_adc.o
LOAD ./Drivers/STM32G4xx_HAL_Driver/Src/stm32g4xx_hal_adc_ex.o
LOAD ./Drivers/STM32G4xx_HAL_Driver/Src/stm32g4xx_hal_cortex.o
LOAD ./Drivers/STM32G4xx_HAL_Driver/Src/stm32g4xx_hal_dma.o
LOAD ./Drivers/STM32G4xx_HAL_Driver/Src/stm32g4xx_hal_dma_ex.o
LOAD ./Drivers/STM32G4xx_HAL_Driver/Src/stm32g4xx_hal_exti.o
LOAD ./Drivers/STM32G4xx_HAL_Driver/Src/stm32g4xx_hal_fdcan.o
LOAD ./Drivers/STM32G4xx_HAL_Driver/Src/stm32g4xx_hal_flash.o
LOAD ./Drivers/STM32G4xx_HAL_Driver/Src/stm32g4xx_hal_flash_ex.o
LOAD ./Drivers/STM32G4xx_HAL_Driver/Src/stm32g4xx_hal_flash_ramfunc.o
LOAD ./Drivers/STM32G4xx_HAL_Driver/Src/stm32g4xx_hal_gpio.o
LOAD ./Drivers/STM32G4xx_HAL_Driver/Src/stm32g4xx_hal_pwr.o
LOAD ./Drivers/STM32G4xx_HAL_Driver/Src/stm32g4xx_hal_pwr_ex.o
LOAD ./Drivers/STM32G4xx_HAL_Driver/Src/stm32g4xx_hal_rcc.o
LOAD ./Drivers/STM32G4xx_HAL_Driver/Src/stm32g4xx_hal_rcc_ex.o
LOAD ./Drivers/STM32G4xx_HAL_Driver/Src/stm32g4xx_hal_spi.o
LOAD ./Drivers/STM32G4xx_HAL_Driver/Src/stm32g4xx_hal_spi_ex.o
LOAD ./Drivers/STM32G4xx_HAL_Driver/Src/stm32g4xx_hal_tim.o
LOAD ./Drivers/STM32G4xx_HAL_Driver/Src/stm32g4xx_hal_tim_ex.o
LOAD ./Drivers/STM32G4xx_HAL_Driver/Src/stm32g4xx_hal_uart.o
LOAD ./Drivers/STM32G4xx_HAL_Driver/Src/stm32g4xx_hal_uart_ex.o
LOAD ./Drivers/STM32G4xx_HAL_Driver/Src/stm32g4xx_ll_adc.o
START GROUP
LOAD c:/st/stm32cubeide_1.10.1/stm32cubeide/plugins/com.st.stm32cube.ide.mcu.externaltools.gnu-tools-for-stm32.10.3-2021.10.win32_1.0.0.202111181127/tools/bin/../lib/gcc/arm-none-eabi/10.3.1/../../../../arm-none-eabi/lib/thumb/v7e-m+fp/hard\libstdc++_nano.a
LOAD c:/st/stm32cubeide_1.10.1/stm32cubeide/plugins/com.st.stm32cube.ide.mcu.externaltools.gnu-tools-for-stm32.10.3-2021.10.win32_1.0.0.202111181127/tools/bin/../lib/gcc/arm-none-eabi/10.3.1/../../../../arm-none-eabi/lib/thumb/v7e-m+fp/hard\libsupc++_nano.a
END GROUP
LOAD c:/st/stm32cubeide_1.10.1/stm32cubeide/plugins/com.st.stm32cube.ide.mcu.externaltools.gnu-tools-for-stm32.10.3-2021.10.win32_1.0.0.202111181127/tools/bin/../lib/gcc/arm-none-eabi/10.3.1/../../../../arm-none-eabi/lib/thumb/v7e-m+fp/hard\libstdc++_nano.a
LOAD c:/st/stm32cubeide_1.10.1/stm32cubeide/plugins/com.st.stm32cube.ide.mcu.externaltools.gnu-tools-for-stm32.10.3-2021.10.win32_1.0.0.202111181127/tools/bin/../lib/gcc/arm-none-eabi/10.3.1/../../../../arm-none-eabi/lib/thumb/v7e-m+fp/hard\libm.a
LOAD c:/st/stm32cubeide_1.10.1/stm32cubeide/plugins/com.st.stm32cube.ide.mcu.externaltools.gnu-tools-for-stm32.10.3-2021.10.win32_1.0.0.202111181127/tools/bin/../lib/gcc/arm-none-eabi/10.3.1/../../../../arm-none-eabi/lib/thumb/v7e-m+fp/hard\libc_nano.a
START GROUP
LOAD c:/st/stm32cubeide_1.10.1/stm32cubeide/plugins/com.st.stm32cube.ide.mcu.externaltools.gnu-tools-for-stm32.10.3-2021.10.win32_1.0.0.202111181127/tools/bin/../lib/gcc/arm-none-eabi/10.3.1/thumb/v7e-m+fp/hard\libgcc.a
LOAD c:/st/stm32cubeide_1.10.1/stm32cubeide/plugins/com.st.stm32cube.ide.mcu.externaltools.gnu-tools-for-stm32.10.3-2021.10.win32_1.0.0.202111181127/tools/bin/../lib/gcc/arm-none-eabi/10.3.1/../../../../arm-none-eabi/lib/thumb/v7e-m+fp/hard\libc_nano.a
END GROUP
START GROUP
LOAD c:/st/stm32cubeide_1.10.1/stm32cubeide/plugins/com.st.stm32cube.ide.mcu.externaltools.gnu-tools-for-stm32.10.3-2021.10.win32_1.0.0.202111181127/tools/bin/../lib/gcc/arm-none-eabi/10.3.1/thumb/v7e-m+fp/hard\libgcc.a
LOAD c:/st/stm32cubeide_1.10.1/stm32cubeide/plugins/com.st.stm32cube.ide.mcu.externaltools.gnu-tools-for-stm32.10.3-2021.10.win32_1.0.0.202111181127/tools/bin/../lib/gcc/arm-none-eabi/10.3.1/../../../../arm-none-eabi/lib/thumb/v7e-m+fp/hard\libc_nano.a
LOAD c:/st/stm32cubeide_1.10.1/stm32cubeide/plugins/com.st.stm32cube.ide.mcu.externaltools.gnu-tools-for-stm32.10.3-2021.10.win32_1.0.0.202111181127/tools/bin/../lib/gcc/arm-none-eabi/10.3.1/../../../../arm-none-eabi/lib/thumb/v7e-m+fp/hard\libnosys.a
END GROUP
START GROUP
LOAD c:/st/stm32cubeide_1.10.1/stm32cubeide/plugins/com.st.stm32cube.ide.mcu.externaltools.gnu-tools-for-stm32.10.3-2021.10.win32_1.0.0.202111181127/tools/bin/../lib/gcc/arm-none-eabi/10.3.1/thumb/v7e-m+fp/hard\libgcc.a
LOAD c:/st/stm32cubeide_1.10.1/stm32cubeide/plugins/com.st.stm32cube.ide.mcu.externaltools.gnu-tools-for-stm32.10.3-2021.10.win32_1.0.0.202111181127/tools/bin/../lib/gcc/arm-none-eabi/10.3.1/../../../../arm-none-eabi/lib/thumb/v7e-m+fp/hard\libc_nano.a
LOAD c:/st/stm32cubeide_1.10.1/stm32cubeide/plugins/com.st.stm32cube.ide.mcu.externaltools.gnu-tools-for-stm32.10.3-2021.10.win32_1.0.0.202111181127/tools/bin/../lib/gcc/arm-none-eabi/10.3.1/../../../../arm-none-eabi/lib/thumb/v7e-m+fp/hard\libnosys.a
END GROUP
LOAD c:/st/stm32cubeide_1.10.1/stm32cubeide/plugins/com.st.stm32cube.ide.mcu.externaltools.gnu-tools-for-stm32.10.3-2021.10.win32_1.0.0.202111181127/tools/bin/../lib/gcc/arm-none-eabi/10.3.1/thumb/v7e-m+fp/hard/crtend.o
LOAD c:/st/stm32cubeide_1.10.1/stm32cubeide/plugins/com.st.stm32cube.ide.mcu.externaltools.gnu-tools-for-stm32.10.3-2021.10.win32_1.0.0.202111181127/tools/bin/../lib/gcc/arm-none-eabi/10.3.1/thumb/v7e-m+fp/hard/crtn.o
                0x0000000020008000                _estack = (ORIGIN (RAM) + LENGTH (RAM))
                0x0000000000000200                _Min_Heap_Size = 0x200
                0x0000000000000400                _Min_Stack_Size = 0x400

.isr_vector     0x0000000008000000      0x1d8
                0x0000000008000000                . = ALIGN (0x4)
 *(.isr_vector)
 .isr_vector    0x0000000008000000      0x1d8 ./Core/Startup/startup_stm32g431kbux.o
                0x0000000008000000                g_pfnVectors
                0x00000000080001d8                . = ALIGN (0x4)

.text           0x00000000080001d8     0x3b48
                0x00000000080001d8                . = ALIGN (0x4)
 *(.text)
 .text          0x00000000080001d8       0x40 c:/st/stm32cubeide_1.10.1/stm32cubeide/plugins/com.st.stm32cube.ide.mcu.externaltools.gnu-tools-for-stm32.10.3-2021.10.win32_1.0.0.202111181127/tools/bin/../lib/gcc/arm-none-eabi/10.3.1/thumb/v7e-m+fp/hard/crtbegin.o
 .text          0x0000000008000218       0x10 c:/st/stm32cubeide_1.10.1/stm32cubeide/plugins/com.st.stm32cube.ide.mcu.externaltools.gnu-tools-for-stm32.10.3-2021.10.win32_1.0.0.202111181127/tools/bin/../lib/gcc/arm-none-eabi/10.3.1/../../../../arm-none-eabi/lib/thumb/v7e-m+fp/hard\libc_nano.a(lib_a-strlen.o)
                0x0000000008000218                strlen
 .text          0x0000000008000228       0x30 c:/st/stm32cubeide_1.10.1/stm32cubeide/plugins/com.st.stm32cube.ide.mcu.externaltools.gnu-tools-for-stm32.10.3-2021.10.win32_1.0.0.202111181127/tools/bin/../lib/gcc/arm-none-eabi/10.3.1/thumb/v7e-m+fp/hard\libgcc.a(_aeabi_uldivmod.o)
                0x0000000008000228                __aeabi_uldivmod
 .text          0x0000000008000258      0x2d0 c:/st/stm32cubeide_1.10.1/stm32cubeide/plugins/com.st.stm32cube.ide.mcu.externaltools.gnu-tools-for-stm32.10.3-2021.10.win32_1.0.0.202111181127/tools/bin/../lib/gcc/arm-none-eabi/10.3.1/thumb/v7e-m+fp/hard\libgcc.a(_udivmoddi4.o)
                0x0000000008000258                __udivmoddi4
 .text          0x0000000008000528        0x4 c:/st/stm32cubeide_1.10.1/stm32cubeide/plugins/com.st.stm32cube.ide.mcu.externaltools.gnu-tools-for-stm32.10.3-2021.10.win32_1.0.0.202111181127/tools/bin/../lib/gcc/arm-none-eabi/10.3.1/thumb/v7e-m+fp/hard\libgcc.a(_dvmd_tls.o)
                0x0000000008000528                __aeabi_idiv0
                0x0000000008000528                __aeabi_ldiv0
 *(.text*)
 .text._ZN20Protocentral_ADS1220C2Ev
                0x000000000800052c        0x2 ./Core/Src/Protocentral_ADS1220.o
                0x000000000800052c                Protocentral_ADS1220::Protocentral_ADS1220()
                0x000000000800052c                Protocentral_ADS1220::Protocentral_ADS1220()
 *fill*         0x000000000800052e        0x2 
 .text._ZN20Protocentral_ADS122013writeRegisterEhh
                0x0000000008000530       0x3c ./Core/Src/Protocentral_ADS1220.o
                0x0000000008000530                Protocentral_ADS1220::writeRegister(unsigned char, unsigned char)
 .text._ZN20Protocentral_ADS122011SPI_CommandEh
                0x000000000800056c       0x3c ./Core/Src/Protocentral_ADS1220.o
                0x000000000800056c                Protocentral_ADS1220::SPI_Command(unsigned char)
 .text._ZN20Protocentral_ADS122013ads1220_ResetEv
                0x00000000080005a8       0x34 ./Core/Src/Protocentral_ADS1220.o
                0x00000000080005a8                Protocentral_ADS1220::ads1220_Reset()
 .text._ZN20Protocentral_ADS12205beginEP12GPIO_TypeDeftS1_t
                0x00000000080005dc       0x94 ./Core/Src/Protocentral_ADS1220.o
                0x00000000080005dc                Protocentral_ADS1220::begin(GPIO_TypeDef*, unsigned short, GPIO_TypeDef*, unsigned short)
 .text._ZN20Protocentral_ADS122010Start_ConvEv
                0x0000000008000670        0x6 ./Core/Src/Protocentral_ADS1220.o
                0x0000000008000670                Protocentral_ADS1220::Start_Conv()
 .text._ZN20Protocentral_ADS122019select_mux_channelsEi
                0x0000000008000676       0x18 ./Core/Src/Protocentral_ADS1220.o
                0x0000000008000676                Protocentral_ADS1220::select_mux_channels(int)
 .text._ZN20Protocentral_ADS122012set_pga_gainEi
                0x000000000800068e       0x18 ./Core/Src/Protocentral_ADS1220.o
                0x000000000800068e                Protocentral_ADS1220::set_pga_gain(int)
 .text._ZN20Protocentral_ADS122013set_data_rateEi
                0x00000000080006a6       0x18 ./Core/Src/Protocentral_ADS1220.o
                0x00000000080006a6                Protocentral_ADS1220::set_data_rate(int)
 .text._ZN20Protocentral_ADS122017set_OperationModeEi
                0x00000000080006be       0x18 ./Core/Src/Protocentral_ADS1220.o
                0x00000000080006be                Protocentral_ADS1220::set_OperationMode(int)
 .text._ZN20Protocentral_ADS122025set_conv_mode_single_shotEv
                0x00000000080006d6        0xe ./Core/Src/Protocentral_ADS1220.o
                0x00000000080006d6                Protocentral_ADS1220::set_conv_mode_single_shot()
 .text._ZN20Protocentral_ADS12209Read_DataEv
                0x00000000080006e4       0x4c ./Core/Src/Protocentral_ADS1220.o
                0x00000000080006e4                Protocentral_ADS1220::Read_Data()
 .text._ZN20Protocentral_ADS122019Read_Data_ImmediateEv
                0x0000000008000730        0x4 ./Core/Src/Protocentral_ADS1220.o
                0x0000000008000730                Protocentral_ADS1220::Read_Data_Immediate()
 .text._ZN20Protocentral_ADS122021Start_SingleShot_ConvEv
                0x0000000008000734        0x4 ./Core/Src/Protocentral_ADS1220.o
                0x0000000008000734                Protocentral_ADS1220::Start_SingleShot_Conv()
 .text.MX_ADC1_Init
                0x0000000008000738       0x98 ./Core/Src/adc.o
                0x0000000008000738                MX_ADC1_Init
 .text.HAL_ADC_MspInit
                0x00000000080007d0       0x7c ./Core/Src/adc.o
                0x00000000080007d0                HAL_ADC_MspInit
 .text.alt_main
                0x000000000800084c       0xdc ./Core/Src/alt_main.o
                0x000000000800084c                alt_main
 .text.main_1KHz_interrupt
                0x0000000008000928      0x1c4 ./Core/Src/alt_main.o
                0x0000000008000928                main_1KHz_interrupt
 .text.startup._GLOBAL__sub_I_raw1
                0x0000000008000aec       0x24 ./Core/Src/alt_main.o
 .text.DWT_Init
                0x0000000008000b10       0x2c ./Core/Src/dwt_delay.o
                0x0000000008000b10                DWT_Init
 .text.MX_FDCAN1_Init
                0x0000000008000b3c       0x48 ./Core/Src/fdcan.o
                0x0000000008000b3c                MX_FDCAN1_Init
 .text.HAL_FDCAN_MspInit
                0x0000000008000b84       0x9c ./Core/Src/fdcan.o
                0x0000000008000b84                HAL_FDCAN_MspInit
 .text.MX_GPIO_Init
                0x0000000008000c20       0xd4 ./Core/Src/gpio.o
                0x0000000008000c20                MX_GPIO_Init
 .text.usleep   0x0000000008000cf4       0x12 ./Core/Src/main.o
                0x0000000008000cf4                usleep
 .text.SystemClock_Config
                0x0000000008000d06       0x68 ./Core/Src/main.o
                0x0000000008000d06                SystemClock_Config
 *fill*         0x0000000008000d6e        0x2 
 .text.startup.main
                0x0000000008000d70      0x12c ./Core/Src/main.o
                0x0000000008000d70                main
 .text.Error_Handler
                0x0000000008000e9c        0x4 ./Core/Src/main.o
                0x0000000008000e9c                Error_Handler
 .text.MX_SPI1_Init
                0x0000000008000ea0       0x50 ./Core/Src/spi.o
                0x0000000008000ea0                MX_SPI1_Init
 .text.HAL_SPI_MspInit
                0x0000000008000ef0       0x60 ./Core/Src/spi.o
                0x0000000008000ef0                HAL_SPI_MspInit
 .text.HAL_MspInit
                0x0000000008000f50       0x30 ./Core/Src/stm32g4xx_hal_msp.o
                0x0000000008000f50                HAL_MspInit
 .text.NMI_Handler
                0x0000000008000f80        0x2 ./Core/Src/stm32g4xx_it.o
                0x0000000008000f80                NMI_Handler
 .text.HardFault_Handler
                0x0000000008000f82        0x2 ./Core/Src/stm32g4xx_it.o
                0x0000000008000f82                HardFault_Handler
 .text.MemManage_Handler
                0x0000000008000f84        0x2 ./Core/Src/stm32g4xx_it.o
                0x0000000008000f84                MemManage_Handler
 .text.BusFault_Handler
                0x0000000008000f86        0x2 ./Core/Src/stm32g4xx_it.o
                0x0000000008000f86                BusFault_Handler
 .text.UsageFault_Handler
                0x0000000008000f88        0x2 ./Core/Src/stm32g4xx_it.o
                0x0000000008000f88                UsageFault_Handler
 .text.SVC_Handler
                0x0000000008000f8a        0x2 ./Core/Src/stm32g4xx_it.o
                0x0000000008000f8a                SVC_Handler
 .text.DebugMon_Handler
                0x0000000008000f8c        0x2 ./Core/Src/stm32g4xx_it.o
                0x0000000008000f8c                DebugMon_Handler
 .text.PendSV_Handler
                0x0000000008000f8e        0x2 ./Core/Src/stm32g4xx_it.o
                0x0000000008000f8e                PendSV_Handler
 .text.SysTick_Handler
                0x0000000008000f90        0x4 ./Core/Src/stm32g4xx_it.o
                0x0000000008000f90                SysTick_Handler
 .text.FDCAN1_IT0_IRQHandler
                0x0000000008000f94        0xc ./Core/Src/stm32g4xx_it.o
                0x0000000008000f94                FDCAN1_IT0_IRQHandler
 .text.TIM1_UP_TIM16_IRQHandler
                0x0000000008000fa0       0x14 ./Core/Src/stm32g4xx_it.o
                0x0000000008000fa0                TIM1_UP_TIM16_IRQHandler
 .text.SystemInit
                0x0000000008000fb4       0x14 ./Core/Src/system_stm32g4xx.o
                0x0000000008000fb4                SystemInit
 .text.MX_TIM1_Init
                0x0000000008000fc8       0x8c ./Core/Src/tim.o
                0x0000000008000fc8                MX_TIM1_Init
 .text.MX_TIM2_Init
                0x0000000008001054       0x6c ./Core/Src/tim.o
                0x0000000008001054                MX_TIM2_Init
 .text.HAL_TIM_Base_MspInit
                0x00000000080010c0       0x60 ./Core/Src/tim.o
                0x00000000080010c0                HAL_TIM_Base_MspInit
 .text.MX_USART2_UART_Init
                0x0000000008001120       0x64 ./Core/Src/usart.o
                0x0000000008001120                MX_USART2_UART_Init
 .text.HAL_UART_MspInit
                0x0000000008001184       0x84 ./Core/Src/usart.o
                0x0000000008001184                HAL_UART_MspInit
 .text.Reset_Handler
                0x0000000008001208       0x50 ./Core/Startup/startup_stm32g431kbux.o
                0x0000000008001208                Reset_Handler
 .text.Default_Handler
                0x0000000008001258        0x2 ./Core/Startup/startup_stm32g431kbux.o
                0x0000000008001258                RTC_Alarm_IRQHandler
                0x0000000008001258                EXTI2_IRQHandler
                0x0000000008001258                TIM8_TRG_COM_IRQHandler
                0x0000000008001258                TIM8_CC_IRQHandler
                0x0000000008001258                TIM1_CC_IRQHandler
                0x0000000008001258                USB_HP_IRQHandler
                0x0000000008001258                CORDIC_IRQHandler
                0x0000000008001258                EXTI3_IRQHandler
                0x0000000008001258                I2C3_ER_IRQHandler
                0x0000000008001258                EXTI0_IRQHandler
                0x0000000008001258                I2C2_EV_IRQHandler
                0x0000000008001258                FPU_IRQHandler
                0x0000000008001258                FDCAN1_IT1_IRQHandler
                0x0000000008001258                ADC1_2_IRQHandler
                0x0000000008001258                SPI1_IRQHandler
                0x0000000008001258                TIM6_DAC_IRQHandler
                0x0000000008001258                TIM8_UP_IRQHandler
                0x0000000008001258                DMA2_Channel2_IRQHandler
                0x0000000008001258                DMA1_Channel4_IRQHandler
                0x0000000008001258                USART3_IRQHandler
                0x0000000008001258                TIM4_IRQHandler
                0x0000000008001258                DMA2_Channel1_IRQHandler
                0x0000000008001258                I2C1_EV_IRQHandler
                0x0000000008001258                DMA1_Channel6_IRQHandler
                0x0000000008001258                UART4_IRQHandler
                0x0000000008001258                DMA2_Channel4_IRQHandler
                0x0000000008001258                TIM3_IRQHandler
                0x0000000008001258                RCC_IRQHandler
                0x0000000008001258                DMA1_Channel1_IRQHandler
                0x0000000008001258                Default_Handler
                0x0000000008001258                RTC_TAMP_LSECSS_IRQHandler
                0x0000000008001258                FMAC_IRQHandler
                0x0000000008001258                EXTI15_10_IRQHandler
                0x0000000008001258                TIM7_IRQHandler
                0x0000000008001258                UCPD1_IRQHandler
                0x0000000008001258                I2C3_EV_IRQHandler
                0x0000000008001258                EXTI9_5_IRQHandler
                0x0000000008001258                RTC_WKUP_IRQHandler
                0x0000000008001258                PVD_PVM_IRQHandler
                0x0000000008001258                SPI2_IRQHandler
                0x0000000008001258                DMA2_Channel5_IRQHandler
                0x0000000008001258                CRS_IRQHandler
                0x0000000008001258                DMA1_Channel5_IRQHandler
                0x0000000008001258                USB_LP_IRQHandler
                0x0000000008001258                EXTI4_IRQHandler
                0x0000000008001258                RNG_IRQHandler
                0x0000000008001258                TIM1_TRG_COM_TIM17_IRQHandler
                0x0000000008001258                DMA1_Channel3_IRQHandler
                0x0000000008001258                WWDG_IRQHandler
                0x0000000008001258                LPUART1_IRQHandler
                0x0000000008001258                DMA2_Channel6_IRQHandler
                0x0000000008001258                TIM2_IRQHandler
                0x0000000008001258                COMP1_2_3_IRQHandler
                0x0000000008001258                EXTI1_IRQHandler
                0x0000000008001258                USART2_IRQHandler
                0x0000000008001258                I2C2_ER_IRQHandler
                0x0000000008001258                DMA1_Channel2_IRQHandler
                0x0000000008001258                TIM8_BRK_IRQHandler
                0x0000000008001258                FLASH_IRQHandler
                0x0000000008001258                USART1_IRQHandler
                0x0000000008001258                SPI3_IRQHandler
                0x0000000008001258                I2C1_ER_IRQHandler
                0x0000000008001258                LPTIM1_IRQHandler
                0x0000000008001258                DMAMUX_OVR_IRQHandler
                0x0000000008001258                USBWakeUp_IRQHandler
                0x0000000008001258                SAI1_IRQHandler
                0x0000000008001258                DMA2_Channel3_IRQHandler
                0x0000000008001258                COMP4_IRQHandler
                0x0000000008001258                TIM1_BRK_TIM15_IRQHandler
 *fill*         0x000000000800125a        0x2 
 .text.HAL_InitTick
                0x000000000800125c       0x4c ./Drivers/STM32G4xx_HAL_Driver/Src/stm32g4xx_hal.o
                0x000000000800125c                HAL_InitTick
 .text.HAL_Init
                0x00000000080012a8       0x1e ./Drivers/STM32G4xx_HAL_Driver/Src/stm32g4xx_hal.o
                0x00000000080012a8                HAL_Init
 *fill*         0x00000000080012c6        0x2 
 .text.HAL_IncTick
                0x00000000080012c8       0x18 ./Drivers/STM32G4xx_HAL_Driver/Src/stm32g4xx_hal.o
                0x00000000080012c8                HAL_IncTick
 .text.HAL_GetTick
                0x00000000080012e0        0xc ./Drivers/STM32G4xx_HAL_Driver/Src/stm32g4xx_hal.o
                0x00000000080012e0                HAL_GetTick
 .text.HAL_Delay
                0x00000000080012ec       0x28 ./Drivers/STM32G4xx_HAL_Driver/Src/stm32g4xx_hal.o
                0x00000000080012ec                HAL_Delay
 .text.LL_ADC_SetChannelSamplingTime
                0x0000000008001314       0x22 ./Drivers/STM32G4xx_HAL_Driver/Src/stm32g4xx_hal_adc.o
 .text.LL_ADC_REG_IsConversionOngoing
                0x0000000008001336        0x8 ./Drivers/STM32G4xx_HAL_Driver/Src/stm32g4xx_hal_adc.o
 *fill*         0x000000000800133e        0x2 
 .text.HAL_ADC_Init
                0x0000000008001340      0x1e8 ./Drivers/STM32G4xx_HAL_Driver/Src/stm32g4xx_hal_adc.o
                0x0000000008001340                HAL_ADC_Init
 .text.HAL_ADC_ConfigChannel
                0x0000000008001528      0x394 ./Drivers/STM32G4xx_HAL_Driver/Src/stm32g4xx_hal_adc.o
                0x0000000008001528                HAL_ADC_ConfigChannel
 .text.LL_ADC_REG_IsConversionOngoing
                0x00000000080018bc        0x8 ./Drivers/STM32G4xx_HAL_Driver/Src/stm32g4xx_hal_adc_ex.o
 .text.HAL_ADCEx_MultiModeConfigChannel
                0x00000000080018c4       0xc0 ./Drivers/STM32G4xx_HAL_Driver/Src/stm32g4xx_hal_adc_ex.o
                0x00000000080018c4                HAL_ADCEx_MultiModeConfigChannel
 .text.HAL_NVIC_SetPriorityGrouping
                0x0000000008001984       0x24 ./Drivers/STM32G4xx_HAL_Driver/Src/stm32g4xx_hal_cortex.o
                0x0000000008001984                HAL_NVIC_SetPriorityGrouping
 .text.HAL_NVIC_SetPriority
                0x00000000080019a8       0x64 ./Drivers/STM32G4xx_HAL_Driver/Src/stm32g4xx_hal_cortex.o
                0x00000000080019a8                HAL_NVIC_SetPriority
 .text.HAL_NVIC_EnableIRQ
                0x0000000008001a0c       0x1c ./Drivers/STM32G4xx_HAL_Driver/Src/stm32g4xx_hal_cortex.o
                0x0000000008001a0c                HAL_NVIC_EnableIRQ
 .text.HAL_SYSTICK_Config
                0x0000000008001a28       0x28 ./Drivers/STM32G4xx_HAL_Driver/Src/stm32g4xx_hal_cortex.o
                0x0000000008001a28                HAL_SYSTICK_Config
 .text.HAL_FDCAN_Init
                0x0000000008001a50      0x1c4 ./Drivers/STM32G4xx_HAL_Driver/Src/stm32g4xx_hal_fdcan.o
                0x0000000008001a50                HAL_FDCAN_Init
 .text.HAL_FDCAN_Start
                0x0000000008001c14       0x2c ./Drivers/STM32G4xx_HAL_Driver/Src/stm32g4xx_hal_fdcan.o
                0x0000000008001c14                HAL_FDCAN_Start
 .text.HAL_FDCAN_AddMessageToTxFifoQ
                0x0000000008001c40       0xd0 ./Drivers/STM32G4xx_HAL_Driver/Src/stm32g4xx_hal_fdcan.o
                0x0000000008001c40                HAL_FDCAN_AddMessageToTxFifoQ
 .text.HAL_FDCAN_TxEventFifoCallback
                0x0000000008001d10        0x2 ./Drivers/STM32G4xx_HAL_Driver/Src/stm32g4xx_hal_fdcan.o
                0x0000000008001d10                HAL_FDCAN_TxEventFifoCallback
 .text.HAL_FDCAN_RxFifo0Callback
                0x0000000008001d12        0x2 ./Drivers/STM32G4xx_HAL_Driver/Src/stm32g4xx_hal_fdcan.o
                0x0000000008001d12                HAL_FDCAN_RxFifo0Callback
 .text.HAL_FDCAN_RxFifo1Callback
                0x0000000008001d14        0x2 ./Drivers/STM32G4xx_HAL_Driver/Src/stm32g4xx_hal_fdcan.o
                0x0000000008001d14                HAL_FDCAN_RxFifo1Callback
 .text.HAL_FDCAN_TxFifoEmptyCallback
                0x0000000008001d16        0x2 ./Drivers/STM32G4xx_HAL_Driver/Src/stm32g4xx_hal_fdcan.o
                0x0000000008001d16                HAL_FDCAN_TxFifoEmptyCallback
 .text.HAL_FDCAN_TxBufferCompleteCallback
                0x0000000008001d18        0x2 ./Drivers/STM32G4xx_HAL_Driver/Src/stm32g4xx_hal_fdcan.o
                0x0000000008001d18                HAL_FDCAN_TxBufferCompleteCallback
 .text.HAL_FDCAN_TxBufferAbortCallback
                0x0000000008001d1a        0x2 ./Drivers/STM32G4xx_HAL_Driver/Src/stm32g4xx_hal_fdcan.o
                0x0000000008001d1a                HAL_FDCAN_TxBufferAbortCallback
 .text.HAL_FDCAN_TimestampWraparoundCallback
                0x0000000008001d1c        0x2 ./Drivers/STM32G4xx_HAL_Driver/Src/stm32g4xx_hal_fdcan.o
                0x0000000008001d1c                HAL_FDCAN_TimestampWraparoundCallback
 .text.HAL_FDCAN_TimeoutOccurredCallback
                0x0000000008001d1e        0x2 ./Drivers/STM32G4xx_HAL_Driver/Src/stm32g4xx_hal_fdcan.o
                0x0000000008001d1e                HAL_FDCAN_TimeoutOccurredCallback
 .text.HAL_FDCAN_HighPriorityMessageCallback
                0x0000000008001d20        0x2 ./Drivers/STM32G4xx_HAL_Driver/Src/stm32g4xx_hal_fdcan.o
                0x0000000008001d20                HAL_FDCAN_HighPriorityMessageCallback
 .text.HAL_FDCAN_ErrorCallback
                0x0000000008001d22        0x2 ./Drivers/STM32G4xx_HAL_Driver/Src/stm32g4xx_hal_fdcan.o
                0x0000000008001d22                HAL_FDCAN_ErrorCallback
 .text.HAL_FDCAN_ErrorStatusCallback
                0x0000000008001d24        0x2 ./Drivers/STM32G4xx_HAL_Driver/Src/stm32g4xx_hal_fdcan.o
                0x0000000008001d24                HAL_FDCAN_ErrorStatusCallback
 .text.HAL_FDCAN_IRQHandler
                0x0000000008001d26      0x15e ./Drivers/STM32G4xx_HAL_Driver/Src/stm32g4xx_hal_fdcan.o
                0x0000000008001d26                HAL_FDCAN_IRQHandler
 .text.HAL_GPIO_Init
                0x0000000008001e84      0x198 ./Drivers/STM32G4xx_HAL_Driver/Src/stm32g4xx_hal_gpio.o
                0x0000000008001e84                HAL_GPIO_Init
 .text.HAL_GPIO_WritePin
                0x000000000800201c        0xa ./Drivers/STM32G4xx_HAL_Driver/Src/stm32g4xx_hal_gpio.o
                0x000000000800201c                HAL_GPIO_WritePin
 *fill*         0x0000000008002026        0x2 
 .text.HAL_PWREx_ControlVoltageScaling
                0x0000000008002028       0xb4 ./Drivers/STM32G4xx_HAL_Driver/Src/stm32g4xx_hal_pwr_ex.o
                0x0000000008002028                HAL_PWREx_ControlVoltageScaling
 .text.HAL_RCC_OscConfig
                0x00000000080020dc      0x420 ./Drivers/STM32G4xx_HAL_Driver/Src/stm32g4xx_hal_rcc.o
                0x00000000080020dc                HAL_RCC_OscConfig
 .text.HAL_RCC_GetSysClockFreq
                0x00000000080024fc       0x6c ./Drivers/STM32G4xx_HAL_Driver/Src/stm32g4xx_hal_rcc.o
                0x00000000080024fc                HAL_RCC_GetSysClockFreq
 .text.HAL_RCC_ClockConfig
                0x0000000008002568      0x1e8 ./Drivers/STM32G4xx_HAL_Driver/Src/stm32g4xx_hal_rcc.o
                0x0000000008002568                HAL_RCC_ClockConfig
 .text.HAL_RCC_GetPCLK1Freq
                0x0000000008002750       0x24 ./Drivers/STM32G4xx_HAL_Driver/Src/stm32g4xx_hal_rcc.o
                0x0000000008002750                HAL_RCC_GetPCLK1Freq
 .text.HAL_RCC_GetPCLK2Freq
                0x0000000008002774       0x24 ./Drivers/STM32G4xx_HAL_Driver/Src/stm32g4xx_hal_rcc.o
                0x0000000008002774                HAL_RCC_GetPCLK2Freq
 .text.HAL_RCCEx_PeriphCLKConfig
                0x0000000008002798      0x27c ./Drivers/STM32G4xx_HAL_Driver/Src/stm32g4xx_hal_rcc_ex.o
                0x0000000008002798                HAL_RCCEx_PeriphCLKConfig
 .text.SPI_WaitFifoStateUntilTimeout.constprop.0
                0x0000000008002a14       0xcc ./Drivers/STM32G4xx_HAL_Driver/Src/stm32g4xx_hal_spi.o
 .text.SPI_WaitFlagStateUntilTimeout.constprop.0
                0x0000000008002ae0       0xa4 ./Drivers/STM32G4xx_HAL_Driver/Src/stm32g4xx_hal_spi.o
 .text.SPI_EndRxTxTransaction
                0x0000000008002b84       0x4a ./Drivers/STM32G4xx_HAL_Driver/Src/stm32g4xx_hal_spi.o
 .text.HAL_SPI_Init
                0x0000000008002bce       0xdc ./Drivers/STM32G4xx_HAL_Driver/Src/stm32g4xx_hal_spi.o
                0x0000000008002bce                HAL_SPI_Init
 .text.HAL_SPI_Transmit
                0x0000000008002caa      0x192 ./Drivers/STM32G4xx_HAL_Driver/Src/stm32g4xx_hal_spi.o
                0x0000000008002caa                HAL_SPI_Transmit
 .text.HAL_SPI_TransmitReceive
                0x0000000008002e3c      0x258 ./Drivers/STM32G4xx_HAL_Driver/Src/stm32g4xx_hal_spi.o
                0x0000000008002e3c                HAL_SPI_TransmitReceive
 .text.HAL_TIM_Base_Start_IT
                0x0000000008003094       0x6c ./Drivers/STM32G4xx_HAL_Driver/Src/stm32g4xx_hal_tim.o
                0x0000000008003094                HAL_TIM_Base_Start_IT
 .text.HAL_TIM_PeriodElapsedCallback
                0x0000000008003100        0x2 ./Drivers/STM32G4xx_HAL_Driver/Src/stm32g4xx_hal_tim.o
                0x0000000008003100                HAL_TIM_PeriodElapsedCallback
 .text.HAL_TIM_OC_DelayElapsedCallback
                0x0000000008003102        0x2 ./Drivers/STM32G4xx_HAL_Driver/Src/stm32g4xx_hal_tim.o
                0x0000000008003102                HAL_TIM_OC_DelayElapsedCallback
 .text.HAL_TIM_IC_CaptureCallback
                0x0000000008003104        0x2 ./Drivers/STM32G4xx_HAL_Driver/Src/stm32g4xx_hal_tim.o
                0x0000000008003104                HAL_TIM_IC_CaptureCallback
 .text.HAL_TIM_PWM_PulseFinishedCallback
                0x0000000008003106        0x2 ./Drivers/STM32G4xx_HAL_Driver/Src/stm32g4xx_hal_tim.o
                0x0000000008003106                HAL_TIM_PWM_PulseFinishedCallback
 .text.HAL_TIM_TriggerCallback
                0x0000000008003108        0x2 ./Drivers/STM32G4xx_HAL_Driver/Src/stm32g4xx_hal_tim.o
                0x0000000008003108                HAL_TIM_TriggerCallback
 .text.HAL_TIM_IRQHandler
                0x000000000800310a      0x1ce ./Drivers/STM32G4xx_HAL_Driver/Src/stm32g4xx_hal_tim.o
                0x000000000800310a                HAL_TIM_IRQHandler
 .text.TIM_Base_SetConfig
                0x00000000080032d8       0xbc ./Drivers/STM32G4xx_HAL_Driver/Src/stm32g4xx_hal_tim.o
                0x00000000080032d8                TIM_Base_SetConfig
 .text.HAL_TIM_Base_Init
                0x0000000008003394       0x60 ./Drivers/STM32G4xx_HAL_Driver/Src/stm32g4xx_hal_tim.o
                0x0000000008003394                HAL_TIM_Base_Init
 .text.TIM_ETR_SetConfig
                0x00000000080033f4       0x14 ./Drivers/STM32G4xx_HAL_Driver/Src/stm32g4xx_hal_tim.o
                0x00000000080033f4                TIM_ETR_SetConfig
 .text.HAL_TIM_ConfigClockSource
                0x0000000008003408      0x180 ./Drivers/STM32G4xx_HAL_Driver/Src/stm32g4xx_hal_tim.o
                0x0000000008003408                HAL_TIM_ConfigClockSource
 .text.HAL_TIMEx_MasterConfigSynchronization
                0x0000000008003588       0x88 ./Drivers/STM32G4xx_HAL_Driver/Src/stm32g4xx_hal_tim_ex.o
                0x0000000008003588                HAL_TIMEx_MasterConfigSynchronization
 .text.HAL_TIMEx_CommutCallback
                0x0000000008003610        0x2 ./Drivers/STM32G4xx_HAL_Driver/Src/stm32g4xx_hal_tim_ex.o
                0x0000000008003610                HAL_TIMEx_CommutCallback
 .text.HAL_TIMEx_BreakCallback
                0x0000000008003612        0x2 ./Drivers/STM32G4xx_HAL_Driver/Src/stm32g4xx_hal_tim_ex.o
                0x0000000008003612                HAL_TIMEx_BreakCallback
 .text.HAL_TIMEx_Break2Callback
                0x0000000008003614        0x2 ./Drivers/STM32G4xx_HAL_Driver/Src/stm32g4xx_hal_tim_ex.o
                0x0000000008003614                HAL_TIMEx_Break2Callback
 .text.HAL_TIMEx_EncoderIndexCallback
                0x0000000008003616        0x2 ./Drivers/STM32G4xx_HAL_Driver/Src/stm32g4xx_hal_tim_ex.o
                0x0000000008003616                HAL_TIMEx_EncoderIndexCallback
 .text.HAL_TIMEx_DirectionChangeCallback
                0x0000000008003618        0x2 ./Drivers/STM32G4xx_HAL_Driver/Src/stm32g4xx_hal_tim_ex.o
                0x0000000008003618                HAL_TIMEx_DirectionChangeCallback
 .text.HAL_TIMEx_IndexErrorCallback
                0x000000000800361a        0x2 ./Drivers/STM32G4xx_HAL_Driver/Src/stm32g4xx_hal_tim_ex.o
                0x000000000800361a                HAL_TIMEx_IndexErrorCallback
 .text.HAL_TIMEx_TransitionErrorCallback
                0x000000000800361c        0x2 ./Drivers/STM32G4xx_HAL_Driver/Src/stm32g4xx_hal_tim_ex.o
                0x000000000800361c                HAL_TIMEx_TransitionErrorCallback
 *fill*         0x000000000800361e        0x2 
 .text.UART_SetConfig
                0x0000000008003620      0x294 ./Drivers/STM32G4xx_HAL_Driver/Src/stm32g4xx_hal_uart.o
                0x0000000008003620                UART_SetConfig
 .text.UART_AdvFeatureConfig
                0x00000000080038b4       0xa8 ./Drivers/STM32G4xx_HAL_Driver/Src/stm32g4xx_hal_uart.o
                0x00000000080038b4                UART_AdvFeatureConfig
 .text.UART_WaitOnFlagUntilTimeout
                0x000000000800395c       0xc4 ./Drivers/STM32G4xx_HAL_Driver/Src/stm32g4xx_hal_uart.o
                0x000000000800395c                UART_WaitOnFlagUntilTimeout
 .text.HAL_UART_Transmit
                0x0000000008003a20       0xba ./Drivers/STM32G4xx_HAL_Driver/Src/stm32g4xx_hal_uart.o
                0x0000000008003a20                HAL_UART_Transmit
 .text.UART_CheckIdleState
                0x0000000008003ada       0x6a ./Drivers/STM32G4xx_HAL_Driver/Src/stm32g4xx_hal_uart.o
                0x0000000008003ada                UART_CheckIdleState
 .text.HAL_UART_Init
                0x0000000008003b44       0x60 ./Drivers/STM32G4xx_HAL_Driver/Src/stm32g4xx_hal_uart.o
                0x0000000008003b44                HAL_UART_Init
 .text.UARTEx_SetNbDataToProcess
                0x0000000008003ba4       0x44 ./Drivers/STM32G4xx_HAL_Driver/Src/stm32g4xx_hal_uart_ex.o
 .text.HAL_UARTEx_DisableFifoMode
                0x0000000008003be8       0x36 ./Drivers/STM32G4xx_HAL_Driver/Src/stm32g4xx_hal_uart_ex.o
                0x0000000008003be8                HAL_UARTEx_DisableFifoMode
 .text.HAL_UARTEx_SetTxFifoThreshold
                0x0000000008003c1e       0x48 ./Drivers/STM32G4xx_HAL_Driver/Src/stm32g4xx_hal_uart_ex.o
                0x0000000008003c1e                HAL_UARTEx_SetTxFifoThreshold
 .text.HAL_UARTEx_SetRxFifoThreshold
                0x0000000008003c66       0x48 ./Drivers/STM32G4xx_HAL_Driver/Src/stm32g4xx_hal_uart_ex.o
                0x0000000008003c66                HAL_UARTEx_SetRxFifoThreshold
 *fill*         0x0000000008003cae        0x2 
 .text.__libc_init_array
                0x0000000008003cb0       0x48 c:/st/stm32cubeide_1.10.1/stm32cubeide/plugins/com.st.stm32cube.ide.mcu.externaltools.gnu-tools-for-stm32.10.3-2021.10.win32_1.0.0.202111181127/tools/bin/../lib/gcc/arm-none-eabi/10.3.1/../../../../arm-none-eabi/lib/thumb/v7e-m+fp/hard\libc_nano.a(lib_a-init.o)
                0x0000000008003cb0                __libc_init_array
 .text.memset   0x0000000008003cf8       0x10 c:/st/stm32cubeide_1.10.1/stm32cubeide/plugins/com.st.stm32cube.ide.mcu.externaltools.gnu-tools-for-stm32.10.3-2021.10.win32_1.0.0.202111181127/tools/bin/../lib/gcc/arm-none-eabi/10.3.1/../../../../arm-none-eabi/lib/thumb/v7e-m+fp/hard\libc_nano.a(lib_a-memset.o)
                0x0000000008003cf8                memset
 *(.glue_7)
 .glue_7        0x0000000008003d08        0x0 linker stubs
 *(.glue_7t)
 .glue_7t       0x0000000008003d08        0x0 linker stubs
 *(.eh_frame)
 .eh_frame      0x0000000008003d08        0x0 c:/st/stm32cubeide_1.10.1/stm32cubeide/plugins/com.st.stm32cube.ide.mcu.externaltools.gnu-tools-for-stm32.10.3-2021.10.win32_1.0.0.202111181127/tools/bin/../lib/gcc/arm-none-eabi/10.3.1/thumb/v7e-m+fp/hard/crtbegin.o
 *(.init)
 .init          0x0000000008003d08        0x4 c:/st/stm32cubeide_1.10.1/stm32cubeide/plugins/com.st.stm32cube.ide.mcu.externaltools.gnu-tools-for-stm32.10.3-2021.10.win32_1.0.0.202111181127/tools/bin/../lib/gcc/arm-none-eabi/10.3.1/thumb/v7e-m+fp/hard/crti.o
                0x0000000008003d08                _init
 .init          0x0000000008003d0c        0x8 c:/st/stm32cubeide_1.10.1/stm32cubeide/plugins/com.st.stm32cube.ide.mcu.externaltools.gnu-tools-for-stm32.10.3-2021.10.win32_1.0.0.202111181127/tools/bin/../lib/gcc/arm-none-eabi/10.3.1/thumb/v7e-m+fp/hard/crtn.o
 *(.fini)
 .fini          0x0000000008003d14        0x4 c:/st/stm32cubeide_1.10.1/stm32cubeide/plugins/com.st.stm32cube.ide.mcu.externaltools.gnu-tools-for-stm32.10.3-2021.10.win32_1.0.0.202111181127/tools/bin/../lib/gcc/arm-none-eabi/10.3.1/thumb/v7e-m+fp/hard/crti.o
                0x0000000008003d14                _fini
 .fini          0x0000000008003d18        0x8 c:/st/stm32cubeide_1.10.1/stm32cubeide/plugins/com.st.stm32cube.ide.mcu.externaltools.gnu-tools-for-stm32.10.3-2021.10.win32_1.0.0.202111181127/tools/bin/../lib/gcc/arm-none-eabi/10.3.1/thumb/v7e-m+fp/hard/crtn.o
                0x0000000008003d20                . = ALIGN (0x4)
                0x0000000008003d20                _etext = .

.vfp11_veneer   0x0000000008003d20        0x0
 .vfp11_veneer  0x0000000008003d20        0x0 linker stubs

.v4_bx          0x0000000008003d20        0x0
 .v4_bx         0x0000000008003d20        0x0 linker stubs

.iplt           0x0000000008003d20        0x0
 .iplt          0x0000000008003d20        0x0 c:/st/stm32cubeide_1.10.1/stm32cubeide/plugins/com.st.stm32cube.ide.mcu.externaltools.gnu-tools-for-stm32.10.3-2021.10.win32_1.0.0.202111181127/tools/bin/../lib/gcc/arm-none-eabi/10.3.1/thumb/v7e-m+fp/hard/crtbegin.o

.rodata         0x0000000008003d20       0x80
                0x0000000008003d20                . = ALIGN (0x4)
 *(.rodata)
 *(.rodata*)
 .rodata._ZN20Protocentral_ADS12209Read_DataEv.str1.1
                0x0000000008003d20        0x4 ./Core/Src/Protocentral_ADS1220.o
 .rodata.main.str1.1
                0x0000000008003d24       0x1c ./Core/Src/main.o
 .rodata.AHBPrescTable
                0x0000000008003d40       0x10 ./Core/Src/system_stm32g4xx.o
                0x0000000008003d40                AHBPrescTable
 .rodata.APBPrescTable
                0x0000000008003d50        0x8 ./Core/Src/system_stm32g4xx.o
                0x0000000008003d50                APBPrescTable
 .rodata.DLCtoBytes
                0x0000000008003d58       0x10 ./Drivers/STM32G4xx_HAL_Driver/Src/stm32g4xx_hal_fdcan.o
 .rodata.CSWTCH.60
                0x0000000008003d68        0x3 ./Drivers/STM32G4xx_HAL_Driver/Src/stm32g4xx_hal_uart.o
 .rodata.CSWTCH.61
                0x0000000008003d6b        0xd ./Drivers/STM32G4xx_HAL_Driver/Src/stm32g4xx_hal_uart.o
 .rodata.UARTPrescTable
                0x0000000008003d78       0x18 ./Drivers/STM32G4xx_HAL_Driver/Src/stm32g4xx_hal_uart.o
                0x0000000008003d78                UARTPrescTable
 .rodata.denominator.0
                0x0000000008003d90        0x8 ./Drivers/STM32G4xx_HAL_Driver/Src/stm32g4xx_hal_uart_ex.o
 .rodata.numerator.1
                0x0000000008003d98        0x8 ./Drivers/STM32G4xx_HAL_Driver/Src/stm32g4xx_hal_uart_ex.o
                0x0000000008003da0                . = ALIGN (0x4)

.ARM.extab      0x0000000008003da0        0x0
                0x0000000008003da0                . = ALIGN (0x4)
 *(.ARM.extab* .gnu.linkonce.armextab.*)
                0x0000000008003da0                . = ALIGN (0x4)

.ARM            0x0000000008003da0        0x8
                0x0000000008003da0                . = ALIGN (0x4)
                0x0000000008003da0                __exidx_start = .
 *(.ARM.exidx*)
 .ARM.exidx     0x0000000008003da0        0x8 c:/st/stm32cubeide_1.10.1/stm32cubeide/plugins/com.st.stm32cube.ide.mcu.externaltools.gnu-tools-for-stm32.10.3-2021.10.win32_1.0.0.202111181127/tools/bin/../lib/gcc/arm-none-eabi/10.3.1/thumb/v7e-m+fp/hard\libgcc.a(_udivmoddi4.o)
                0x0000000008003da8                __exidx_end = .
                0x0000000008003da8                . = ALIGN (0x4)

.rel.dyn        0x0000000008003da8        0x0
 .rel.iplt      0x0000000008003da8        0x0 c:/st/stm32cubeide_1.10.1/stm32cubeide/plugins/com.st.stm32cube.ide.mcu.externaltools.gnu-tools-for-stm32.10.3-2021.10.win32_1.0.0.202111181127/tools/bin/../lib/gcc/arm-none-eabi/10.3.1/thumb/v7e-m+fp/hard/crtbegin.o

.preinit_array  0x0000000008003da8        0x0
                0x0000000008003da8                . = ALIGN (0x4)
                0x0000000008003da8                PROVIDE (__preinit_array_start = .)
 *(.preinit_array*)
                0x0000000008003da8                PROVIDE (__preinit_array_end = .)
                0x0000000008003da8                . = ALIGN (0x4)

.init_array     0x0000000008003da8        0x8
                0x0000000008003da8                . = ALIGN (0x4)
                0x0000000008003da8                PROVIDE (__init_array_start = .)
 *(SORT_BY_NAME(.init_array.*))
 *(.init_array*)
 .init_array    0x0000000008003da8        0x4 c:/st/stm32cubeide_1.10.1/stm32cubeide/plugins/com.st.stm32cube.ide.mcu.externaltools.gnu-tools-for-stm32.10.3-2021.10.win32_1.0.0.202111181127/tools/bin/../lib/gcc/arm-none-eabi/10.3.1/thumb/v7e-m+fp/hard/crtbegin.o
 .init_array    0x0000000008003dac        0x4 ./Core/Src/alt_main.o
                0x0000000008003db0                PROVIDE (__init_array_end = .)
                0x0000000008003db0                . = ALIGN (0x4)

.fini_array     0x0000000008003db0        0x4
                0x0000000008003db0                . = ALIGN (0x4)
                [!provide]                        PROVIDE (__fini_array_start = .)
 *(SORT_BY_NAME(.fini_array.*))
 *(.fini_array*)
 .fini_array    0x0000000008003db0        0x4 c:/st/stm32cubeide_1.10.1/stm32cubeide/plugins/com.st.stm32cube.ide.mcu.externaltools.gnu-tools-for-stm32.10.3-2021.10.win32_1.0.0.202111181127/tools/bin/../lib/gcc/arm-none-eabi/10.3.1/thumb/v7e-m+fp/hard/crtbegin.o
                [!provide]                        PROVIDE (__fini_array_end = .)
                0x0000000008003db4                . = ALIGN (0x4)
                0x0000000008003db4                _sidata = LOADADDR (.data)

.data           0x0000000020000000        0xc load address 0x0000000008003db4
                0x0000000020000000                . = ALIGN (0x4)
                0x0000000020000000                _sdata = .
 *(.data)
 *(.data*)
 .data.SystemCoreClock
                0x0000000020000000        0x4 ./Core/Src/system_stm32g4xx.o
                0x0000000020000000                SystemCoreClock
 .data.uwTickFreq
                0x0000000020000004        0x4 ./Drivers/STM32G4xx_HAL_Driver/Src/stm32g4xx_hal.o
                0x0000000020000004                uwTickFreq
 .data.uwTickPrio
                0x0000000020000008        0x4 ./Drivers/STM32G4xx_HAL_Driver/Src/stm32g4xx_hal.o
                0x0000000020000008                uwTickPrio
 *(.RamFunc)
 *(.RamFunc*)
                0x000000002000000c                . = ALIGN (0x4)
                0x000000002000000c                _edata = .

.igot.plt       0x000000002000000c        0x0 load address 0x0000000008003dc0
 .igot.plt      0x000000002000000c        0x0 c:/st/stm32cubeide_1.10.1/stm32cubeide/plugins/com.st.stm32cube.ide.mcu.externaltools.gnu-tools-for-stm32.10.3-2021.10.win32_1.0.0.202111181127/tools/bin/../lib/gcc/arm-none-eabi/10.3.1/thumb/v7e-m+fp/hard/crtbegin.o
                0x000000002000000c                . = ALIGN (0x4)

.bss            0x000000002000000c      0x30c load address 0x0000000008003dc0
                0x000000002000000c                _sbss = .
                0x000000002000000c                __bss_start__ = _sbss
 *(.bss)
 .bss           0x000000002000000c       0x1c c:/st/stm32cubeide_1.10.1/stm32cubeide/plugins/com.st.stm32cube.ide.mcu.externaltools.gnu-tools-for-stm32.10.3-2021.10.win32_1.0.0.202111181127/tools/bin/../lib/gcc/arm-none-eabi/10.3.1/thumb/v7e-m+fp/hard/crtbegin.o
 *(.bss*)
 .bss.hadc1     0x0000000020000028       0x6c ./Core/Src/adc.o
                0x0000000020000028                hadc1
 .bss.ads1      0x0000000020000094       0x20 ./Core/Src/alt_main.o
                0x0000000020000094                ads1
 .bss.ads2      0x00000000200000b4       0x20 ./Core/Src/alt_main.o
                0x00000000200000b4                ads2
 .bss.ads3      0x00000000200000d4       0x20 ./Core/Src/alt_main.o
                0x00000000200000d4                ads3
 .bss.cnt1      0x00000000200000f4        0x4 ./Core/Src/alt_main.o
                0x00000000200000f4                cnt1
 .bss.cnt2      0x00000000200000f8        0x4 ./Core/Src/alt_main.o
                0x00000000200000f8                cnt2
 .bss.cnt3      0x00000000200000fc        0x4 ./Core/Src/alt_main.o
                0x00000000200000fc                cnt3
 .bss.cnt4      0x0000000020000100        0x4 ./Core/Src/alt_main.o
                0x0000000020000100                cnt4
 .bss.cnt5      0x0000000020000104        0x4 ./Core/Src/alt_main.o
                0x0000000020000104                cnt5
 .bss.cnt6      0x0000000020000108        0x4 ./Core/Src/alt_main.o
                0x0000000020000108                cnt6
 .bss.raw1      0x000000002000010c        0x4 ./Core/Src/alt_main.o
                0x000000002000010c                raw1
 .bss.raw2      0x0000000020000110        0x4 ./Core/Src/alt_main.o
                0x0000000020000110                raw2
 .bss.raw3      0x0000000020000114        0x4 ./Core/Src/alt_main.o
                0x0000000020000114                raw3
 .bss.raw4      0x0000000020000118        0x4 ./Core/Src/alt_main.o
                0x0000000020000118                raw4
 .bss.raw5      0x000000002000011c        0x4 ./Core/Src/alt_main.o
                0x000000002000011c                raw5
 .bss.raw6      0x0000000020000120        0x4 ./Core/Src/alt_main.o
                0x0000000020000120                raw6
 .bss.hfdcan1   0x0000000020000124       0x64 ./Core/Src/fdcan.o
                0x0000000020000124                hfdcan1
 .bss.hspi1     0x0000000020000188       0x64 ./Core/Src/spi.o
                0x0000000020000188                hspi1
 .bss.htim1     0x00000000200001ec       0x4c ./Core/Src/tim.o
                0x00000000200001ec                htim1
 .bss.htim2     0x0000000020000238       0x4c ./Core/Src/tim.o
                0x0000000020000238                htim2
 .bss.huart2    0x0000000020000284       0x90 ./Core/Src/usart.o
                0x0000000020000284                huart2
 .bss.uwTick    0x0000000020000314        0x4 ./Drivers/STM32G4xx_HAL_Driver/Src/stm32g4xx_hal.o
                0x0000000020000314                uwTick
 *(COMMON)
                0x0000000020000318                . = ALIGN (0x4)
                0x0000000020000318                _ebss = .
                0x0000000020000318                __bss_end__ = _ebss

._user_heap_stack
                0x0000000020000318      0x600 load address 0x0000000008003dc0
                0x0000000020000318                . = ALIGN (0x8)
                [!provide]                        PROVIDE (end = .)
                0x0000000020000318                PROVIDE (_end = .)
                0x0000000020000518                . = (. + _Min_Heap_Size)
 *fill*         0x0000000020000318      0x200 
                0x0000000020000918                . = (. + _Min_Stack_Size)
 *fill*         0x0000000020000518      0x400 
                0x0000000020000918                . = ALIGN (0x8)

/DISCARD/
 libc.a(*)
 libm.a(*)
 libgcc.a(*)

.ARM.attributes
                0x0000000000000000       0x30
 *(.ARM.attributes)
 .ARM.attributes
                0x0000000000000000       0x1e c:/st/stm32cubeide_1.10.1/stm32cubeide/plugins/com.st.stm32cube.ide.mcu.externaltools.gnu-tools-for-stm32.10.3-2021.10.win32_1.0.0.202111181127/tools/bin/../lib/gcc/arm-none-eabi/10.3.1/thumb/v7e-m+fp/hard/crti.o
 .ARM.attributes
                0x000000000000001e       0x34 c:/st/stm32cubeide_1.10.1/stm32cubeide/plugins/com.st.stm32cube.ide.mcu.externaltools.gnu-tools-for-stm32.10.3-2021.10.win32_1.0.0.202111181127/tools/bin/../lib/gcc/arm-none-eabi/10.3.1/thumb/v7e-m+fp/hard/crtbegin.o
 .ARM.attributes
                0x0000000000000052       0x34 ./Core/Src/Protocentral_ADS1220.o
 .ARM.attributes
                0x0000000000000086       0x34 ./Core/Src/adc.o
 .ARM.attributes
                0x00000000000000ba       0x34 ./Core/Src/alt_main.o
 .ARM.attributes
                0x00000000000000ee       0x34 ./Core/Src/dwt_delay.o
 .ARM.attributes
                0x0000000000000122       0x34 ./Core/Src/fdcan.o
 .ARM.attributes
                0x0000000000000156       0x34 ./Core/Src/gpio.o
 .ARM.attributes
                0x000000000000018a       0x34 ./Core/Src/main.o
 .ARM.attributes
                0x00000000000001be       0x34 ./Core/Src/spi.o
 .ARM.attributes
                0x00000000000001f2       0x34 ./Core/Src/stm32g4xx_hal_msp.o
 .ARM.attributes
                0x0000000000000226       0x34 ./Core/Src/stm32g4xx_it.o
 .ARM.attributes
                0x000000000000025a       0x34 ./Core/Src/system_stm32g4xx.o
 .ARM.attributes
                0x000000000000028e       0x34 ./Core/Src/tim.o
 .ARM.attributes
                0x00000000000002c2       0x34 ./Core/Src/usart.o
 .ARM.attributes
                0x00000000000002f6       0x21 ./Core/Startup/startup_stm32g431kbux.o
 .ARM.attributes
                0x0000000000000317       0x34 ./Drivers/STM32G4xx_HAL_Driver/Src/stm32g4xx_hal.o
 .ARM.attributes
                0x000000000000034b       0x34 ./Drivers/STM32G4xx_HAL_Driver/Src/stm32g4xx_hal_adc.o
 .ARM.attributes
                0x000000000000037f       0x34 ./Drivers/STM32G4xx_HAL_Driver/Src/stm32g4xx_hal_adc_ex.o
 .ARM.attributes
                0x00000000000003b3       0x34 ./Drivers/STM32G4xx_HAL_Driver/Src/stm32g4xx_hal_cortex.o
 .ARM.attributes
                0x00000000000003e7       0x34 ./Drivers/STM32G4xx_HAL_Driver/Src/stm32g4xx_hal_fdcan.o
 .ARM.attributes
                0x000000000000041b       0x34 ./Drivers/STM32G4xx_HAL_Driver/Src/stm32g4xx_hal_gpio.o
 .ARM.attributes
                0x000000000000044f       0x34 ./Drivers/STM32G4xx_HAL_Driver/Src/stm32g4xx_hal_pwr_ex.o
 .ARM.attributes
                0x0000000000000483       0x34 ./Drivers/STM32G4xx_HAL_Driver/Src/stm32g4xx_hal_rcc.o
 .ARM.attributes
                0x00000000000004b7       0x34 ./Drivers/STM32G4xx_HAL_Driver/Src/stm32g4xx_hal_rcc_ex.o
 .ARM.attributes
                0x00000000000004eb       0x34 ./Drivers/STM32G4xx_HAL_Driver/Src/stm32g4xx_hal_spi.o
 .ARM.attributes
                0x000000000000051f       0x34 ./Drivers/STM32G4xx_HAL_Driver/Src/stm32g4xx_hal_tim.o
 .ARM.attributes
                0x0000000000000553       0x34 ./Drivers/STM32G4xx_HAL_Driver/Src/stm32g4xx_hal_tim_ex.o
 .ARM.attributes
                0x0000000000000587       0x34 ./Drivers/STM32G4xx_HAL_Driver/Src/stm32g4xx_hal_uart.o
 .ARM.attributes
                0x00000000000005bb       0x34 ./Drivers/STM32G4xx_HAL_Driver/Src/stm32g4xx_hal_uart_ex.o
 .ARM.attributes
                0x00000000000005ef       0x34 c:/st/stm32cubeide_1.10.1/stm32cubeide/plugins/com.st.stm32cube.ide.mcu.externaltools.gnu-tools-for-stm32.10.3-2021.10.win32_1.0.0.202111181127/tools/bin/../lib/gcc/arm-none-eabi/10.3.1/../../../../arm-none-eabi/lib/thumb/v7e-m+fp/hard\libc_nano.a(lib_a-init.o)
 .ARM.attributes
                0x0000000000000623       0x34 c:/st/stm32cubeide_1.10.1/stm32cubeide/plugins/com.st.stm32cube.ide.mcu.externaltools.gnu-tools-for-stm32.10.3-2021.10.win32_1.0.0.202111181127/tools/bin/../lib/gcc/arm-none-eabi/10.3.1/../../../../arm-none-eabi/lib/thumb/v7e-m+fp/hard\libc_nano.a(lib_a-memset.o)
 .ARM.attributes
                0x0000000000000657       0x17 c:/st/stm32cubeide_1.10.1/stm32cubeide/plugins/com.st.stm32cube.ide.mcu.externaltools.gnu-tools-for-stm32.10.3-2021.10.win32_1.0.0.202111181127/tools/bin/../lib/gcc/arm-none-eabi/10.3.1/../../../../arm-none-eabi/lib/thumb/v7e-m+fp/hard\libc_nano.a(lib_a-strlen.o)
 .ARM.attributes
                0x000000000000066e       0x1e c:/st/stm32cubeide_1.10.1/stm32cubeide/plugins/com.st.stm32cube.ide.mcu.externaltools.gnu-tools-for-stm32.10.3-2021.10.win32_1.0.0.202111181127/tools/bin/../lib/gcc/arm-none-eabi/10.3.1/thumb/v7e-m+fp/hard\libgcc.a(_aeabi_uldivmod.o)
 .ARM.attributes
                0x000000000000068c       0x34 c:/st/stm32cubeide_1.10.1/stm32cubeide/plugins/com.st.stm32cube.ide.mcu.externaltools.gnu-tools-for-stm32.10.3-2021.10.win32_1.0.0.202111181127/tools/bin/../lib/gcc/arm-none-eabi/10.3.1/thumb/v7e-m+fp/hard\libgcc.a(_udivmoddi4.o)
 .ARM.attributes
                0x00000000000006c0       0x1e c:/st/stm32cubeide_1.10.1/stm32cubeide/plugins/com.st.stm32cube.ide.mcu.externaltools.gnu-tools-for-stm32.10.3-2021.10.win32_1.0.0.202111181127/tools/bin/../lib/gcc/arm-none-eabi/10.3.1/thumb/v7e-m+fp/hard\libgcc.a(_dvmd_tls.o)
 .ARM.attributes
                0x00000000000006de       0x1e c:/st/stm32cubeide_1.10.1/stm32cubeide/plugins/com.st.stm32cube.ide.mcu.externaltools.gnu-tools-for-stm32.10.3-2021.10.win32_1.0.0.202111181127/tools/bin/../lib/gcc/arm-none-eabi/10.3.1/thumb/v7e-m+fp/hard/crtn.o
OUTPUT(Satyrr_Loadcell_Amplifier_FW.elf elf32-littlearm)
LOAD linker stubs
LOAD c:/st/stm32cubeide_1.10.1/stm32cubeide/plugins/com.st.stm32cube.ide.mcu.externaltools.gnu-tools-for-stm32.10.3-2021.10.win32_1.0.0.202111181127/tools/bin/../lib/gcc/arm-none-eabi/10.3.1/../../../../arm-none-eabi/lib/thumb/v7e-m+fp/hard\libc.a
LOAD c:/st/stm32cubeide_1.10.1/stm32cubeide/plugins/com.st.stm32cube.ide.mcu.externaltools.gnu-tools-for-stm32.10.3-2021.10.win32_1.0.0.202111181127/tools/bin/../lib/gcc/arm-none-eabi/10.3.1/../../../../arm-none-eabi/lib/thumb/v7e-m+fp/hard\libm.a
LOAD c:/st/stm32cubeide_1.10.1/stm32cubeide/plugins/com.st.stm32cube.ide.mcu.externaltools.gnu-tools-for-stm32.10.3-2021.10.win32_1.0.0.202111181127/tools/bin/../lib/gcc/arm-none-eabi/10.3.1/thumb/v7e-m+fp/hard\libgcc.a

.comment        0x0000000000000000       0x50
 .comment       0x0000000000000000       0x50 ./Core/Src/Protocentral_ADS1220.o
                                         0x51 (size before relaxing)
 .comment       0x0000000000000050       0x51 ./Core/Src/adc.o
 .comment       0x0000000000000050       0x51 ./Core/Src/alt_main.o
 .comment       0x0000000000000050       0x51 ./Core/Src/dwt_delay.o
 .comment       0x0000000000000050       0x51 ./Core/Src/fdcan.o
 .comment       0x0000000000000050       0x51 ./Core/Src/gpio.o
 .comment       0x0000000000000050       0x51 ./Core/Src/main.o
 .comment       0x0000000000000050       0x51 ./Core/Src/spi.o
 .comment       0x0000000000000050       0x51 ./Core/Src/stm32g4xx_hal_msp.o
 .comment       0x0000000000000050       0x51 ./Core/Src/stm32g4xx_it.o
 .comment       0x0000000000000050       0x51 ./Core/Src/system_stm32g4xx.o
 .comment       0x0000000000000050       0x51 ./Core/Src/tim.o
 .comment       0x0000000000000050       0x51 ./Core/Src/usart.o
 .comment       0x0000000000000050       0x51 ./Drivers/STM32G4xx_HAL_Driver/Src/stm32g4xx_hal.o
 .comment       0x0000000000000050       0x51 ./Drivers/STM32G4xx_HAL_Driver/Src/stm32g4xx_hal_adc.o
 .comment       0x0000000000000050       0x51 ./Drivers/STM32G4xx_HAL_Driver/Src/stm32g4xx_hal_adc_ex.o
 .comment       0x0000000000000050       0x51 ./Drivers/STM32G4xx_HAL_Driver/Src/stm32g4xx_hal_cortex.o
 .comment       0x0000000000000050       0x51 ./Drivers/STM32G4xx_HAL_Driver/Src/stm32g4xx_hal_fdcan.o
 .comment       0x0000000000000050       0x51 ./Drivers/STM32G4xx_HAL_Driver/Src/stm32g4xx_hal_gpio.o
 .comment       0x0000000000000050       0x51 ./Drivers/STM32G4xx_HAL_Driver/Src/stm32g4xx_hal_pwr_ex.o
 .comment       0x0000000000000050       0x51 ./Drivers/STM32G4xx_HAL_Driver/Src/stm32g4xx_hal_rcc.o
 .comment       0x0000000000000050       0x51 ./Drivers/STM32G4xx_HAL_Driver/Src/stm32g4xx_hal_rcc_ex.o
 .comment       0x0000000000000050       0x51 ./Drivers/STM32G4xx_HAL_Driver/Src/stm32g4xx_hal_spi.o
 .comment       0x0000000000000050       0x51 ./Drivers/STM32G4xx_HAL_Driver/Src/stm32g4xx_hal_tim.o
 .comment       0x0000000000000050       0x51 ./Drivers/STM32G4xx_HAL_Driver/Src/stm32g4xx_hal_tim_ex.o
 .comment       0x0000000000000050       0x51 ./Drivers/STM32G4xx_HAL_Driver/Src/stm32g4xx_hal_uart.o
 .comment       0x0000000000000050       0x51 ./Drivers/STM32G4xx_HAL_Driver/Src/stm32g4xx_hal_uart_ex.o

.debug_frame    0x0000000000000000       0xac
 .debug_frame   0x0000000000000000       0x2c c:/st/stm32cubeide_1.10.1/stm32cubeide/plugins/com.st.stm32cube.ide.mcu.externaltools.gnu-tools-for-stm32.10.3-2021.10.win32_1.0.0.202111181127/tools/bin/../lib/gcc/arm-none-eabi/10.3.1/../../../../arm-none-eabi/lib/thumb/v7e-m+fp/hard\libc_nano.a(lib_a-init.o)
 .debug_frame   0x000000000000002c       0x20 c:/st/stm32cubeide_1.10.1/stm32cubeide/plugins/com.st.stm32cube.ide.mcu.externaltools.gnu-tools-for-stm32.10.3-2021.10.win32_1.0.0.202111181127/tools/bin/../lib/gcc/arm-none-eabi/10.3.1/../../../../arm-none-eabi/lib/thumb/v7e-m+fp/hard\libc_nano.a(lib_a-memset.o)
 .debug_frame   0x000000000000004c       0x2c c:/st/stm32cubeide_1.10.1/stm32cubeide/plugins/com.st.stm32cube.ide.mcu.externaltools.gnu-tools-for-stm32.10.3-2021.10.win32_1.0.0.202111181127/tools/bin/../lib/gcc/arm-none-eabi/10.3.1/thumb/v7e-m+fp/hard\libgcc.a(_aeabi_uldivmod.o)
 .debug_frame   0x0000000000000078       0x34 c:/st/stm32cubeide_1.10.1/stm32cubeide/plugins/com.st.stm32cube.ide.mcu.externaltools.gnu-tools-for-stm32.10.3-2021.10.win32_1.0.0.202111181127/tools/bin/../lib/gcc/arm-none-eabi/10.3.1/thumb/v7e-m+fp/hard\libgcc.a(_udivmoddi4.o)
